[     353ms] [INFO] %cDownload the React DevTools for a better development experience: https://react.dev/link/react-devtools font-weight:bold @ webpack-internal:///(app-pages-browser)/../../../Users/harold/dev/webdev/cola/node_modules/next/dist/compiled/react-dom/cjs/react-dom-client.development.js:25630
[     461ms] [LOG] %c >> query #1 %cdeployments.list%c %O 
    background-color: #72e3ff;
    color: black;
    padding: 2px;
   
    background-color: #72e3ff;
    color: black;
    padding: 2px;
  ; font-weight: bold; 
    background-color: #72e3ff;
    color: black;
    padding: 2px;
  ; font-weight: normal; {input: undefined, context: Object} @ webpack-internal:///(app-pages-browser)/../../../Users/harold/dev/webdev/cola/node_modules/@trpc/client/dist/loggerLink-ineCN1PO.mjs:78
[    1535ms] [LOG] %c << query #1 %cdeployments.list%c %O 
    background-color: #3fb0d8;
    color: white;
    padding: 2px;
   
    background-color: #3fb0d8;
    color: white;
    padding: 2px;
  ; font-weight: bold; 
    background-color: #3fb0d8;
    color: white;
    padding: 2px;
  ; font-weight: normal; {input: undefined, result: Object, elapsedMs: 1075, context: Object} @ webpack-internal:///(app-pages-browser)/../../../Users/harold/dev/webdev/cola/node_modules/@trpc/client/dist/loggerLink-ineCN1PO.mjs:78
